------------------------------------------------------------
TimeQuest Timing Analyzer Summary
------------------------------------------------------------

Type  : Slow 1100mV 85C Model Setup 'clk'
Slack : -2.970
TNS   : -73.948

Type  : Slow 1100mV 85C Model Hold 'clk'
Slack : 0.377
TNS   : 0.000

Type  : Slow 1100mV 85C Model Minimum Pulse Width 'clk'
Slack : -0.394
TNS   : -13.888

Type  : Slow 1100mV 0C Model Setup 'clk'
Slack : -2.832
TNS   : -70.913

Type  : Slow 1100mV 0C Model Hold 'clk'
Slack : 0.377
TNS   : 0.000

Type  : Slow 1100mV 0C Model Minimum Pulse Width 'clk'
Slack : -0.394
TNS   : -14.952

Type  : Fast 1100mV 85C Model Setup 'clk'
Slack : -1.394
TNS   : -32.545

Type  : Fast 1100mV 85C Model Hold 'clk'
Slack : 0.205
TNS   : 0.000

Type  : Fast 1100mV 85C Model Minimum Pulse Width 'clk'
Slack : -0.078
TNS   : -2.002

Type  : Fast 1100mV 0C Model Setup 'clk'
Slack : -1.163
TNS   : -26.913

Type  : Fast 1100mV 0C Model Hold 'clk'
Slack : 0.191
TNS   : 0.000

Type  : Fast 1100mV 0C Model Minimum Pulse Width 'clk'
Slack : -0.079
TNS   : -2.017

------------------------------------------------------------
